Profissional registado com sucesso.
Profissional registado com sucesso.
Profissional registado com sucesso.
Profissional registado com sucesso.
Profissional registado com sucesso.
Profissional registado com sucesso.
Utente registado com sucesso.
Utente registado com sucesso.
Utente registado com sucesso.
Utente registado com sucesso.
Família registada com sucesso.
Família registada com sucesso.
Utente inexistente.
Utente associado a família.
Utente associado a família.
Utente associado a família.
Cuidados marcados com sucesso.
Cuidados marcados com sucesso.
Família inexistente.
Família sem cuidados de saúde marcados.
Bill Consulta Medicina Alice.
Bill Consulta Medicina Alice.
Bill PequenaCirurgia Medicina Bob.
Bill PequenaCirurgia Enfermagem Trudy.
Bill PequenaCirurgia Auxiliar James.
Bill Enfermagem Enfermagem Bob.
Bill Enfermagem Auxiliar Phill.
Carl Consulta Medicina Alice.
Carl Enfermagem Enfermagem Bob.
Carl Enfermagem Enfermagem Trudy.
Profissional de saúde inexistente.
Consulta Bill.
Consulta Bill.
Consulta Carl.
Medicina Bob Bill.
Enfermagem Trudy Bill.
Auxiliar James Bill.
Serviço inexistente.
Enfermagem Bob Bill.
Auxiliar Phill Bill.
Enfermagem Bob Carl.
Enfermagem Trudy Carl.
